// Jest Snapshot v1, https://goo.gl/fbAQLP

exports[`example.ps1 1`] = `10 * 10

$name = "mark"
~~~~~~~~~~~~~~~~~~~~~~~~~~~~~~~~~~~~~~~~~~~~~~~~~~~~~~~~~~~~~~~~~~~~~~~~~~~~~~~~
10 * 10

$name = "mark"
`;
